// Jest Snapshot v1, https://goo.gl/fbAQLP

exports[`renders correctly 1`] = `
<RNCSafeAreaProvider
  onInsetsChange={[Function]}
  style={
    [
      {
        "flex": 1,
      },
      undefined,
    ]
  }
>
  <View
    dataSet={{}}
    style={
      {
        "alignItems": "center",
        "backgroundColor": "#3f3f46",
        "display": "flex",
        "flex": 1,
        "justifyContent": "center",
      }
    }
  >
    <ActivityIndicator
      accessibilityLabel="loading"
      accessible={true}
      color="#be185d"
      size="large"
      style={
        [
          [
            {},
            {
              "dataSet": {},
            },
            {},
          ],
          undefined,
        ]
      }
    />
  </View>
</RNCSafeAreaProvider>
`;
